******************************************************************************
                  MSP430 Linker PC v20.2.0                     
******************************************************************************
>> Linked Mon Jun 15 19:58:38 2020

OUTPUT FILE NAME:   <MSP430G2553_Drivers.out>
ENTRY POINT SYMBOL: "_c_int00_noargs"  address: 0000fc3c


MEMORY CONFIGURATION

         name            origin    length      used     unused   attr    fill
----------------------  --------  ---------  --------  --------  ----  --------
  SFR                   00000000   00000010  00000000  00000010  RWIX
  PERIPHERALS_8BIT      00000010   000000f0  00000000  000000f0  RWIX
  PERIPHERALS_16BIT     00000100   00000100  00000000  00000100  RWIX
  RAM                   00000200   00000100  0000006b  00000095  RWIX
  INFOD                 00001000   00000040  00000000  00000040  RWIX
  INFOC                 00001040   00000040  00000000  00000040  RWIX
  INFOB                 00001080   00000040  00000000  00000040  RWIX
  INFOA                 000010c0   00000040  00000000  00000040  RWIX
  FLASH                 0000f800   000007de  00000526  000002b8  RWIX
  BSLSIGNATURE          0000ffde   00000002  00000002  00000000  RWIX  ffff 
  INT00                 0000ffe0   00000002  00000002  00000000  RWIX
  INT01                 0000ffe2   00000002  00000000  00000002  RWIX
  INT02                 0000ffe4   00000002  00000002  00000000  RWIX
  INT03                 0000ffe6   00000002  00000002  00000000  RWIX
  INT04                 0000ffe8   00000002  00000000  00000002  RWIX
  INT05                 0000ffea   00000002  00000002  00000000  RWIX
  INT06                 0000ffec   00000002  00000002  00000000  RWIX
  INT07                 0000ffee   00000002  00000002  00000000  RWIX
  INT08                 0000fff0   00000002  00000002  00000000  RWIX
  INT09                 0000fff2   00000002  00000002  00000000  RWIX
  INT10                 0000fff4   00000002  00000002  00000000  RWIX
  INT11                 0000fff6   00000002  00000002  00000000  RWIX
  INT12                 0000fff8   00000002  00000002  00000000  RWIX
  INT13                 0000fffa   00000002  00000002  00000000  RWIX
  INT14                 0000fffc   00000002  00000002  00000000  RWIX
  RESET                 0000fffe   00000002  00000002  00000000  RWIX


SECTION ALLOCATION MAP

 output                                  attributes/
section   page    origin      length       input sections
--------  ----  ----------  ----------   ----------------
.data      0    00000200    00000011     UNINITIALIZED
                  00000200    0000000b     main.obj (.data:Text)
                  0000020b    00000001     UART.obj (.data)
                  0000020c    00000004     ADC.obj (.data)
                  00000210    00000001     main.obj (.data)

.bss       0    00000212    0000000a     UNINITIALIZED
                  00000212    00000005     UART.obj (.bss:global_data_uart)
                  00000217    00000001     --HOLE--
                  00000218    00000002     main.obj (.bss)
                  0000021a    00000002     (.common:data_line_buff)

.stack     0    000002b0    00000050     UNINITIALIZED
                  000002b0    00000002     rts430_eabi.lib : boot.c.obj (.stack)
                  000002b2    0000004e     --HOLE--

.text      0    0000f800    000004f8     
                  0000f800    00000094     lcd_1602A.obj (.text:Printf_LCD)
                  0000f894    0000007c     rts430_eabi.lib : copy_decompress_lzss.c.obj (.text:decompress:lzss:__TI_decompress_lzss)
                  0000f910    0000005a     GPIO.obj (.text:Interrupt_Set)
                  0000f96a    00000052     main.obj (.text:main)
                  0000f9bc    0000004c     rts430_eabi.lib : lsr16.asm.obj (.text)
                  0000fa08    00000044     GPIO.obj (.text:Define_Direction)
                  0000fa4c    00000042     rts430_eabi.lib : autoinit.c.obj (.text:__TI_auto_init_nobinit_nopinit:__TI_auto_init_nobinit_nopinit)
                  0000fa8e    0000002c     lcd_1602A.obj (.text:Write_Data)
                  0000faba    0000002c     lcd_1602A.obj (.text:Write_Instruction)
                  0000fae6    0000002c     rts430_eabi.lib : asr16.asm.obj (.text)
                  0000fb12    0000002c                     : lsl16.asm.obj (.text)
                  0000fb3e    0000002a     lcd_1602A.obj (.text:Pulse_Enable)
                  0000fb68    00000028     UART.obj (.text:UART0_RX)
                  0000fb90    00000026     ADC.obj (.text:ADC_ISR)
                  0000fbb6    00000024     rts430_eabi.lib : fs_utof.asm.obj (.text)
                  0000fbda    00000022     lcd_1602A.obj (.text:Set_Data_Low_Level)
                  0000fbfc    00000022     lcd_1602A.obj (.text:Set_Instruction_Low_Level)
                  0000fc1e    0000001e     main.obj (.text:Timer_A0)
                  0000fc3c    0000001c     rts430_eabi.lib : boot.c.obj (.text:_c_int00_noargs)
                  0000fc58    00000018     lcd_1602A.obj (.text:Set_Cursor)
                  0000fc70    00000014     rts430_eabi.lib : copy_zero_init.c.obj (.text:decompress:ZI:__TI_zero_init_nomemset:__TI_zero_init_nomemset)
                  0000fc84    00000012     main.obj (.text:PORT2)
                  0000fc96    00000012     rts430_eabi.lib : copy_decompress_none.c.obj (.text:decompress:none:__TI_decompress_none)
                  0000fca8    00000012                     : memcpy.c.obj (.text:memcpy)
                  0000fcba    00000010                     : epilog.asm.obj (.text)
                  0000fcca    0000000e                     : strlen.c.obj (.text:strlen)
                  0000fcd8    0000000c     UART.obj (.text:UART0_TX)
                  0000fce4    00000008     rts430_eabi.lib : isr_trap.asm.obj (.text:_isr:__TI_ISR_TRAP)
                  0000fcec    00000006                     : exit.c.obj (.text:abort)
                  0000fcf2    00000004                     : pre_init.c.obj (.text:_system_pre_init)
                  0000fcf6    00000002                     : startup.c.obj (.text:_system_post_cinit)

.const     0    0000fcf8    0000000a     
                  0000fcf8    0000000a     main.obj (.const:.string)

.cinit     0    0000fd02    00000024     
                  0000fd02    00000012     (.cinit..data.load) [load image, compression = lzss]
                  0000fd14    00000006     (__TI_handler_table)
                  0000fd1a    00000004     (.cinit..bss.load) [load image, compression = zero_init]
                  0000fd1e    00000008     (__TI_cinit_table)

.binit     0    0000f800    00000000     

.init_array 
*          0    0000f800    00000000     UNINITIALIZED

TRAPINT    0    0000ffe0    00000002     
                  0000ffe0    00000002     rts430_eabi.lib : int00.asm.obj (.int00)

PORT1      0    0000ffe4    00000002     
                  0000ffe4    00000002     rts430_eabi.lib : int02.asm.obj (.int02)

PORT2      0    0000ffe6    00000002     
                  0000ffe6    00000002     main.obj (.int03)

ADC10      0    0000ffea    00000002     
                  0000ffea    00000002     ADC.obj (.int05)

USCIAB0TX 
*          0    0000ffec    00000002     
                  0000ffec    00000002     UART.obj (.int06)

USCIAB0RX 
*          0    0000ffee    00000002     
                  0000ffee    00000002     UART.obj (.int07)

TIMER0_A1 
*          0    0000fff0    00000002     
                  0000fff0    00000002     rts430_eabi.lib : int08.asm.obj (.int08)

TIMER0_A0 
*          0    0000fff2    00000002     
                  0000fff2    00000002     main.obj (.int09)

WDT        0    0000fff4    00000002     
                  0000fff4    00000002     rts430_eabi.lib : int10.asm.obj (.int10)

COMPARATORA 
*          0    0000fff6    00000002     
                  0000fff6    00000002     rts430_eabi.lib : int11.asm.obj (.int11)

TIMER1_A1 
*          0    0000fff8    00000002     
                  0000fff8    00000002     rts430_eabi.lib : int12.asm.obj (.int12)

TIMER1_A0 
*          0    0000fffa    00000002     
                  0000fffa    00000002     rts430_eabi.lib : int13.asm.obj (.int13)

NMI        0    0000fffc    00000002     
                  0000fffc    00000002     rts430_eabi.lib : int14.asm.obj (.int14)

.reset     0    0000fffe    00000002     
                  0000fffe    00000002     rts430_eabi.lib : boot.c.obj (.reset)

$fill000   0    0000ffde    00000002     
                  0000ffde    00000002     --HOLE-- [fill = ffff]

MODULE SUMMARY

       Module                       code   ro data   rw data
       ------                       ----   -------   -------
    .\
       main.obj                     130    14        16     
    +--+----------------------------+------+---------+---------+
       Total:                       130    14        16     
                                                            
    .\ADC\_source\
       ADC.obj                      38     2         4      
    +--+----------------------------+------+---------+---------+
       Total:                       38     2         4      
                                                            
    .\Comunication_UART\_source\
       UART.obj                     52     4         6      
    +--+----------------------------+------+---------+---------+
       Total:                       52     4         6      
                                                            
    .\GPIO\_source\
       GPIO.obj                     158    0         0      
    +--+----------------------------+------+---------+---------+
       Total:                       158    0         0      
                                                            
    .\LCD_1602A\_source\
       lcd_1602A.obj                370    0         0      
    +--+----------------------------+------+---------+---------+
       Total:                       370    0         0      
                                                            
    C:\ti\ccs1000\ccs\tools\compiler\ti-cgt-msp430_20.2.0.LTS\lib\rts430_eabi.lib
       copy_decompress_lzss.c.obj   124    0         0      
       lsr16.asm.obj                76     0         0      
       autoinit.c.obj               66     0         0      
       asr16.asm.obj                44     0         0      
       lsl16.asm.obj                44     0         0      
       fs_utof.asm.obj              36     0         0      
       boot.c.obj                   28     2         0      
       copy_zero_init.c.obj         20     0         0      
       copy_decompress_none.c.obj   18     0         0      
       memcpy.c.obj                 18     0         0      
       epilog.asm.obj               16     0         0      
       strlen.c.obj                 14     0         0      
       isr_trap.asm.obj             8      0         0      
       exit.c.obj                   6      0         0      
       pre_init.c.obj               4      0         0      
       int00.asm.obj                0      2         0      
       int02.asm.obj                0      2         0      
       int08.asm.obj                0      2         0      
       int10.asm.obj                0      2         0      
       int11.asm.obj                0      2         0      
       int12.asm.obj                0      2         0      
       int13.asm.obj                0      2         0      
       int14.asm.obj                0      2         0      
       startup.c.obj                2      0         0      
    +--+----------------------------+------+---------+---------+
       Total:                       524    18        0      
                                                            
       Stack:                       0      0         80     
       Linker Generated:            0      36        0      
    +--+----------------------------+------+---------+---------+
       Grand Total:                 1272   74        106    


LINKER GENERATED COPY TABLES

__TI_cinit_table @ 0000fd1e records: 2, size/record: 4, table size: 8
	.data: load addr=0000fd02, load size=00000012 bytes, run addr=00000200, run size=00000011 bytes, compression=lzss
	.bss: load addr=0000fd1a, load size=00000004 bytes, run addr=00000212, run size=0000000a bytes, compression=zero_init


LINKER GENERATED HANDLER TABLE

__TI_handler_table @ 0000fd14 records: 3, size/record: 2, table size: 6
	index: 0, handler: __TI_zero_init
	index: 1, handler: __TI_decompress_lzss
	index: 2, handler: __TI_decompress_none


GLOBAL SYMBOLS: SORTED ALPHABETICALLY BY Name 

address   name                          
-------   ----                          
0000004a  ADC10AE0                      
000001b0  ADC10CTL0                     
000001b2  ADC10CTL1                     
00000048  ADC10DTC0                     
00000049  ADC10DTC1                     
000001b4  ADC10MEM                      
000001bc  ADC10SA                       
0000fb90  ADC_ISR                       
00000057  BCSCTL1                       
00000058  BCSCTL2                       
00000053  BCSCTL3                       
0000fcec  C$$EXIT                       
00000059  CACTL1                        
0000005a  CACTL2                        
000010fb  CALBC1_12MHZ                  
000010f9  CALBC1_16MHZ                  
000010ff  CALBC1_1MHZ                   
000010fd  CALBC1_8MHZ                   
000010fa  CALDCO_12MHZ                  
000010f8  CALDCO_16MHZ                  
000010fe  CALDCO_1MHZ                   
000010fc  CALDCO_8MHZ                   
0000005b  CAPD                          
00000056  DCOCTL                        
0000fa08  Define_Direction              
00000128  FCTL1                         
0000012a  FCTL2                         
0000012c  FCTL3                         
00000000  IE1                           
00000001  IE2                           
00000002  IFG1                          
00000003  IFG2                          
0000f910  Interrupt_Set                 
00000022  P1DIR                         
00000025  P1IE                          
00000024  P1IES                         
00000023  P1IFG                         
00000020  P1IN                          
00000021  P1OUT                         
00000027  P1REN                         
00000026  P1SEL                         
00000041  P1SEL2                        
0000002a  P2DIR                         
0000002d  P2IE                          
0000002c  P2IES                         
0000002b  P2IFG                         
00000028  P2IN                          
00000029  P2OUT                         
0000002f  P2REN                         
0000002e  P2SEL                         
00000042  P2SEL2                        
0000001a  P3DIR                         
00000018  P3IN                          
00000019  P3OUT                         
00000010  P3REN                         
0000001b  P3SEL                         
00000043  P3SEL2                        
0000fc84  PORT2                         
0000f800  Printf_LCD                    
0000fb3e  Pulse_Enable                  
0000fc58  Set_Cursor                    
0000fbda  Set_Data_Low_Level            
0000fbfc  Set_Instruction_Low_Level     
00000172  TA0CCR0                       
00000174  TA0CCR1                       
00000176  TA0CCR2                       
00000162  TA0CCTL0                      
00000164  TA0CCTL1                      
00000166  TA0CCTL2                      
00000160  TA0CTL                        
0000012e  TA0IV                         
00000170  TA0R                          
00000192  TA1CCR0                       
00000194  TA1CCR1                       
00000196  TA1CCR2                       
00000182  TA1CCTL0                      
00000184  TA1CCTL1                      
00000186  TA1CCTL2                      
00000180  TA1CTL                        
0000011e  TA1IV                         
00000190  TA1R                          
000010db  TLV_ADC10_1_LEN               
000010da  TLV_ADC10_1_TAG               
000010c0  TLV_CHECKSUM                  
000010f7  TLV_DCO_30_LEN                
000010f6  TLV_DCO_30_TAG                
00000200  Text                          
0000fc1e  Timer_A0                      
0000fb68  UART0_RX                      
0000fcd8  UART0_TX                      
0000005d  UCA0ABCTL                     
00000062  UCA0BR0                       
00000063  UCA0BR1                       
00000060  UCA0CTL0                      
00000061  UCA0CTL1                      
0000005f  UCA0IRRCTL                    
0000005e  UCA0IRTCTL                    
00000064  UCA0MCTL                      
00000066  UCA0RXBUF                     
00000065  UCA0STAT                      
00000067  UCA0TXBUF                     
0000006a  UCB0BR0                       
0000006b  UCB0BR1                       
00000068  UCB0CTL0                      
00000069  UCB0CTL1                      
0000006c  UCB0I2CIE                     
00000118  UCB0I2COA                     
0000011a  UCB0I2CSA                     
0000006e  UCB0RXBUF                     
0000006d  UCB0STAT                      
0000006f  UCB0TXBUF                     
00000120  WDTCTL                        
0000fa8e  Write_Data                    
0000faba  Write_Instruction             
00000300  __STACK_END                   
00000050  __STACK_SIZE                  
0000fd1e  __TI_CINIT_Base               
0000fd26  __TI_CINIT_Limit              
0000fd14  __TI_Handler_Table_Base       
0000fd1a  __TI_Handler_Table_Limit      
0000fce4  __TI_ISR_TRAP                 
0000fa4c  __TI_auto_init_nobinit_nopinit
0000f894  __TI_decompress_lzss          
0000fc96  __TI_decompress_none          
0000ffe0  __TI_int00                    
0000ffe4  __TI_int02                    
0000ffe6  __TI_int03                    
0000ffea  __TI_int05                    
0000ffec  __TI_int06                    
0000ffee  __TI_int07                    
0000fff0  __TI_int08                    
0000fff2  __TI_int09                    
0000fff4  __TI_int10                    
0000fff6  __TI_int11                    
0000fff8  __TI_int12                    
0000fffa  __TI_int13                    
0000fffc  __TI_int14                    
ffffffff  __TI_pprof_out_hndl           
ffffffff  __TI_prof_data_size           
ffffffff  __TI_prof_data_start          
0000fc70  __TI_zero_init_nomemset       
ffffffff  __c_args__                    
0000fbb6  __mspabi_fltuf                
0000fcc6  __mspabi_func_epilog_1        
0000fcc4  __mspabi_func_epilog_2        
0000fcc2  __mspabi_func_epilog_3        
0000fcc0  __mspabi_func_epilog_4        
0000fcbe  __mspabi_func_epilog_5        
0000fcbc  __mspabi_func_epilog_6        
0000fcba  __mspabi_func_epilog_7        
0000fb12  __mspabi_slli                 
0000fb3a  __mspabi_slli_1               
0000fb28  __mspabi_slli_10              
0000fb26  __mspabi_slli_11              
0000fb24  __mspabi_slli_12              
0000fb22  __mspabi_slli_13              
0000fb20  __mspabi_slli_14              
0000fb1e  __mspabi_slli_15              
0000fb38  __mspabi_slli_2               
0000fb36  __mspabi_slli_3               
0000fb34  __mspabi_slli_4               
0000fb32  __mspabi_slli_5               
0000fb30  __mspabi_slli_6               
0000fb2e  __mspabi_slli_7               
0000fb2c  __mspabi_slli_8               
0000fb2a  __mspabi_slli_9               
0000fae6  __mspabi_srai                 
0000fb0e  __mspabi_srai_1               
0000fafc  __mspabi_srai_10              
0000fafa  __mspabi_srai_11              
0000faf8  __mspabi_srai_12              
0000faf6  __mspabi_srai_13              
0000faf4  __mspabi_srai_14              
0000faf2  __mspabi_srai_15              
0000fb0c  __mspabi_srai_2               
0000fb0a  __mspabi_srai_3               
0000fb08  __mspabi_srai_4               
0000fb06  __mspabi_srai_5               
0000fb04  __mspabi_srai_6               
0000fb02  __mspabi_srai_7               
0000fb00  __mspabi_srai_8               
0000fafe  __mspabi_srai_9               
0000f9bc  __mspabi_srli                 
0000fa02  __mspabi_srli_1               
0000f9de  __mspabi_srli_10              
0000f9da  __mspabi_srli_11              
0000f9d6  __mspabi_srli_12              
0000f9d2  __mspabi_srli_13              
0000f9ce  __mspabi_srli_14              
0000f9ca  __mspabi_srli_15              
0000f9fe  __mspabi_srli_2               
0000f9fa  __mspabi_srli_3               
0000f9f6  __mspabi_srli_4               
0000f9f2  __mspabi_srli_5               
0000f9ee  __mspabi_srli_6               
0000f9ea  __mspabi_srli_7               
0000f9e6  __mspabi_srli_8               
0000f9e2  __mspabi_srli_9               
0000fc3c  _c_int00_noargs               
0000fffe  _reset_vector                 
000002b0  _stack                        
0000fcf6  _system_post_cinit            
0000fcf2  _system_pre_init              
0000fcec  abort                         
0000021a  data_line_buff                
0000f96a  main                          
0000fca8  memcpy                        
00000210  seconds                       
0000fcca  strlen                        
0000020c  valor                         


GLOBAL SYMBOLS: SORTED BY Symbol Address 

address   name                          
-------   ----                          
00000000  IE1                           
00000001  IE2                           
00000002  IFG1                          
00000003  IFG2                          
00000010  P3REN                         
00000018  P3IN                          
00000019  P3OUT                         
0000001a  P3DIR                         
0000001b  P3SEL                         
00000020  P1IN                          
00000021  P1OUT                         
00000022  P1DIR                         
00000023  P1IFG                         
00000024  P1IES                         
00000025  P1IE                          
00000026  P1SEL                         
00000027  P1REN                         
00000028  P2IN                          
00000029  P2OUT                         
0000002a  P2DIR                         
0000002b  P2IFG                         
0000002c  P2IES                         
0000002d  P2IE                          
0000002e  P2SEL                         
0000002f  P2REN                         
00000041  P1SEL2                        
00000042  P2SEL2                        
00000043  P3SEL2                        
00000048  ADC10DTC0                     
00000049  ADC10DTC1                     
0000004a  ADC10AE0                      
00000050  __STACK_SIZE                  
00000053  BCSCTL3                       
00000056  DCOCTL                        
00000057  BCSCTL1                       
00000058  BCSCTL2                       
00000059  CACTL1                        
0000005a  CACTL2                        
0000005b  CAPD                          
0000005d  UCA0ABCTL                     
0000005e  UCA0IRTCTL                    
0000005f  UCA0IRRCTL                    
00000060  UCA0CTL0                      
00000061  UCA0CTL1                      
00000062  UCA0BR0                       
00000063  UCA0BR1                       
00000064  UCA0MCTL                      
00000065  UCA0STAT                      
00000066  UCA0RXBUF                     
00000067  UCA0TXBUF                     
00000068  UCB0CTL0                      
00000069  UCB0CTL1                      
0000006a  UCB0BR0                       
0000006b  UCB0BR1                       
0000006c  UCB0I2CIE                     
0000006d  UCB0STAT                      
0000006e  UCB0RXBUF                     
0000006f  UCB0TXBUF                     
00000118  UCB0I2COA                     
0000011a  UCB0I2CSA                     
0000011e  TA1IV                         
00000120  WDTCTL                        
00000128  FCTL1                         
0000012a  FCTL2                         
0000012c  FCTL3                         
0000012e  TA0IV                         
00000160  TA0CTL                        
00000162  TA0CCTL0                      
00000164  TA0CCTL1                      
00000166  TA0CCTL2                      
00000170  TA0R                          
00000172  TA0CCR0                       
00000174  TA0CCR1                       
00000176  TA0CCR2                       
00000180  TA1CTL                        
00000182  TA1CCTL0                      
00000184  TA1CCTL1                      
00000186  TA1CCTL2                      
00000190  TA1R                          
00000192  TA1CCR0                       
00000194  TA1CCR1                       
00000196  TA1CCR2                       
000001b0  ADC10CTL0                     
000001b2  ADC10CTL1                     
000001b4  ADC10MEM                      
000001bc  ADC10SA                       
00000200  Text                          
0000020c  valor                         
00000210  seconds                       
0000021a  data_line_buff                
000002b0  _stack                        
00000300  __STACK_END                   
000010c0  TLV_CHECKSUM                  
000010da  TLV_ADC10_1_TAG               
000010db  TLV_ADC10_1_LEN               
000010f6  TLV_DCO_30_TAG                
000010f7  TLV_DCO_30_LEN                
000010f8  CALDCO_16MHZ                  
000010f9  CALBC1_16MHZ                  
000010fa  CALDCO_12MHZ                  
000010fb  CALBC1_12MHZ                  
000010fc  CALDCO_8MHZ                   
000010fd  CALBC1_8MHZ                   
000010fe  CALDCO_1MHZ                   
000010ff  CALBC1_1MHZ                   
0000f800  Printf_LCD                    
0000f894  __TI_decompress_lzss          
0000f910  Interrupt_Set                 
0000f96a  main                          
0000f9bc  __mspabi_srli                 
0000f9ca  __mspabi_srli_15              
0000f9ce  __mspabi_srli_14              
0000f9d2  __mspabi_srli_13              
0000f9d6  __mspabi_srli_12              
0000f9da  __mspabi_srli_11              
0000f9de  __mspabi_srli_10              
0000f9e2  __mspabi_srli_9               
0000f9e6  __mspabi_srli_8               
0000f9ea  __mspabi_srli_7               
0000f9ee  __mspabi_srli_6               
0000f9f2  __mspabi_srli_5               
0000f9f6  __mspabi_srli_4               
0000f9fa  __mspabi_srli_3               
0000f9fe  __mspabi_srli_2               
0000fa02  __mspabi_srli_1               
0000fa08  Define_Direction              
0000fa4c  __TI_auto_init_nobinit_nopinit
0000fa8e  Write_Data                    
0000faba  Write_Instruction             
0000fae6  __mspabi_srai                 
0000faf2  __mspabi_srai_15              
0000faf4  __mspabi_srai_14              
0000faf6  __mspabi_srai_13              
0000faf8  __mspabi_srai_12              
0000fafa  __mspabi_srai_11              
0000fafc  __mspabi_srai_10              
0000fafe  __mspabi_srai_9               
0000fb00  __mspabi_srai_8               
0000fb02  __mspabi_srai_7               
0000fb04  __mspabi_srai_6               
0000fb06  __mspabi_srai_5               
0000fb08  __mspabi_srai_4               
0000fb0a  __mspabi_srai_3               
0000fb0c  __mspabi_srai_2               
0000fb0e  __mspabi_srai_1               
0000fb12  __mspabi_slli                 
0000fb1e  __mspabi_slli_15              
0000fb20  __mspabi_slli_14              
0000fb22  __mspabi_slli_13              
0000fb24  __mspabi_slli_12              
0000fb26  __mspabi_slli_11              
0000fb28  __mspabi_slli_10              
0000fb2a  __mspabi_slli_9               
0000fb2c  __mspabi_slli_8               
0000fb2e  __mspabi_slli_7               
0000fb30  __mspabi_slli_6               
0000fb32  __mspabi_slli_5               
0000fb34  __mspabi_slli_4               
0000fb36  __mspabi_slli_3               
0000fb38  __mspabi_slli_2               
0000fb3a  __mspabi_slli_1               
0000fb3e  Pulse_Enable                  
0000fb68  UART0_RX                      
0000fb90  ADC_ISR                       
0000fbb6  __mspabi_fltuf                
0000fbda  Set_Data_Low_Level            
0000fbfc  Set_Instruction_Low_Level     
0000fc1e  Timer_A0                      
0000fc3c  _c_int00_noargs               
0000fc58  Set_Cursor                    
0000fc70  __TI_zero_init_nomemset       
0000fc84  PORT2                         
0000fc96  __TI_decompress_none          
0000fca8  memcpy                        
0000fcba  __mspabi_func_epilog_7        
0000fcbc  __mspabi_func_epilog_6        
0000fcbe  __mspabi_func_epilog_5        
0000fcc0  __mspabi_func_epilog_4        
0000fcc2  __mspabi_func_epilog_3        
0000fcc4  __mspabi_func_epilog_2        
0000fcc6  __mspabi_func_epilog_1        
0000fcca  strlen                        
0000fcd8  UART0_TX                      
0000fce4  __TI_ISR_TRAP                 
0000fcec  C$$EXIT                       
0000fcec  abort                         
0000fcf2  _system_pre_init              
0000fcf6  _system_post_cinit            
0000fd14  __TI_Handler_Table_Base       
0000fd1a  __TI_Handler_Table_Limit      
0000fd1e  __TI_CINIT_Base               
0000fd26  __TI_CINIT_Limit              
0000ffe0  __TI_int00                    
0000ffe4  __TI_int02                    
0000ffe6  __TI_int03                    
0000ffea  __TI_int05                    
0000ffec  __TI_int06                    
0000ffee  __TI_int07                    
0000fff0  __TI_int08                    
0000fff2  __TI_int09                    
0000fff4  __TI_int10                    
0000fff6  __TI_int11                    
0000fff8  __TI_int12                    
0000fffa  __TI_int13                    
0000fffc  __TI_int14                    
0000fffe  _reset_vector                 
ffffffff  __TI_pprof_out_hndl           
ffffffff  __TI_prof_data_size           
ffffffff  __TI_prof_data_start          
ffffffff  __c_args__                    

[210 symbols]
