******************************************************************************
                  MSP430 Linker PC v20.2.0                     
******************************************************************************
>> Linked Sat May 30 16:32:13 2020

OUTPUT FILE NAME:   <MSP430G2553_Drivers.out>
ENTRY POINT SYMBOL: "_c_int00_noargs"  address: 0000fa24


MEMORY CONFIGURATION

         name            origin    length      used     unused   attr    fill
----------------------  --------  ---------  --------  --------  ----  --------
  SFR                   00000000   00000010  00000000  00000010  RWIX
  PERIPHERALS_8BIT      00000010   000000f0  00000000  000000f0  RWIX
  PERIPHERALS_16BIT     00000100   00000100  00000000  00000100  RWIX
  RAM                   00000200   00000100  00000065  0000009b  RWIX
  INFOD                 00001000   00000040  00000000  00000040  RWIX
  INFOC                 00001040   00000040  00000000  00000040  RWIX
  INFOB                 00001080   00000040  00000000  00000040  RWIX
  INFOA                 000010c0   00000040  00000000  00000040  RWIX
  FLASH                 0000f800   000007de  000002e8  000004f6  RWIX
  BSLSIGNATURE          0000ffde   00000002  00000002  00000000  RWIX  ffff 
  INT00                 0000ffe0   00000002  00000002  00000000  RWIX
  INT01                 0000ffe2   00000002  00000000  00000002  RWIX
  INT02                 0000ffe4   00000002  00000002  00000000  RWIX
  INT03                 0000ffe6   00000002  00000002  00000000  RWIX
  INT04                 0000ffe8   00000002  00000000  00000002  RWIX
  INT05                 0000ffea   00000002  00000002  00000000  RWIX
  INT06                 0000ffec   00000002  00000002  00000000  RWIX
  INT07                 0000ffee   00000002  00000002  00000000  RWIX
  INT08                 0000fff0   00000002  00000002  00000000  RWIX
  INT09                 0000fff2   00000002  00000002  00000000  RWIX
  INT10                 0000fff4   00000002  00000002  00000000  RWIX
  INT11                 0000fff6   00000002  00000002  00000000  RWIX
  INT12                 0000fff8   00000002  00000002  00000000  RWIX
  INT13                 0000fffa   00000002  00000002  00000000  RWIX
  INT14                 0000fffc   00000002  00000002  00000000  RWIX
  RESET                 0000fffe   00000002  00000002  00000000  RWIX


SECTION ALLOCATION MAP

 output                                  attributes/
section   page    origin      length       input sections
--------  ----  ----------  ----------   ----------------
.bss       0    00000200    0000000b     UNINITIALIZED
                  00000200    00000008     (.common:data_out_uart)
                  00000208    00000002     Timer.obj (.bss)
                  0000020a    00000001     UART.obj (.bss)

.data      0    0000020c    0000000a     UNINITIALIZED
                  0000020c    00000005     main.obj (.data:Text)
                  00000211    00000001     UART.obj (.data)
                  00000212    00000004     ADC.obj (.data)

.stack     0    000002b0    00000050     UNINITIALIZED
                  000002b0    00000002     rts430_eabi.lib : boot.c.obj (.stack)
                  000002b2    0000004e     --HOLE--

.text      0    0000f800    000002ca     
                  0000f800    0000007c     rts430_eabi.lib : copy_decompress_lzss.c.obj (.text:decompress:lzss:__TI_decompress_lzss)
                  0000f87c    0000004c                     : lsr16.asm.obj (.text)
                  0000f8c8    00000042                     : autoinit.c.obj (.text:__TI_auto_init_nobinit_nopinit:__TI_auto_init_nobinit_nopinit)
                  0000f90a    00000038     main.obj (.text:main)
                  0000f942    0000002c     rts430_eabi.lib : lsl16.asm.obj (.text)
                  0000f96e    00000028     UART.obj (.text:UART0_RX)
                  0000f996    00000028     UART.obj (.text:uart_setting)
                  0000f9be    00000026     ADC.obj (.text:ADC_ISR)
                  0000f9e4    00000024     rts430_eabi.lib : fs_utof.asm.obj (.text)
                  0000fa08    0000001c     GPIO.obj (.text:Define_PIN)
                  0000fa24    0000001c     rts430_eabi.lib : boot.c.obj (.text:_c_int00_noargs)
                  0000fa40    0000001c     UART.obj (.text:send_message)
                  0000fa5c    00000014     rts430_eabi.lib : copy_zero_init.c.obj (.text:decompress:ZI:__TI_zero_init_nomemset:__TI_zero_init_nomemset)
                  0000fa70    00000012                     : copy_decompress_none.c.obj (.text:decompress:none:__TI_decompress_none)
                  0000fa82    00000012                     : memcpy.c.obj (.text:memcpy)
                  0000fa94    00000010                     : epilog.asm.obj (.text)
                  0000faa4    0000000c     UART.obj (.text:UART0_TX)
                  0000fab0    00000008     rts430_eabi.lib : isr_trap.asm.obj (.text:_isr:__TI_ISR_TRAP)
                  0000fab8    00000006     Timer.obj (.text:Timer_A0)
                  0000fabe    00000006     rts430_eabi.lib : exit.c.obj (.text:abort)
                  0000fac4    00000004                     : pre_init.c.obj (.text:_system_pre_init)
                  0000fac8    00000002                     : startup.c.obj (.text:_system_post_cinit)

.cinit     0    0000faca    0000001e     
                  0000faca    0000000b     (.cinit..data.load) [load image, compression = lzss]
                  0000fad5    00000001     --HOLE-- [fill = 0]
                  0000fad6    00000006     (__TI_handler_table)
                  0000fadc    00000004     (.cinit..bss.load) [load image, compression = zero_init]
                  0000fae0    00000008     (__TI_cinit_table)

.binit     0    0000f800    00000000     

.init_array 
*          0    0000f800    00000000     UNINITIALIZED

TRAPINT    0    0000ffe0    00000002     
                  0000ffe0    00000002     rts430_eabi.lib : int00.asm.obj (.int00)

PORT1      0    0000ffe4    00000002     
                  0000ffe4    00000002     rts430_eabi.lib : int02.asm.obj (.int02)

PORT2      0    0000ffe6    00000002     
                  0000ffe6    00000002     rts430_eabi.lib : int03.asm.obj (.int03)

ADC10      0    0000ffea    00000002     
                  0000ffea    00000002     ADC.obj (.int05)

USCIAB0TX 
*          0    0000ffec    00000002     
                  0000ffec    00000002     UART.obj (.int06)

USCIAB0RX 
*          0    0000ffee    00000002     
                  0000ffee    00000002     UART.obj (.int07)

TIMER0_A1 
*          0    0000fff0    00000002     
                  0000fff0    00000002     rts430_eabi.lib : int08.asm.obj (.int08)

TIMER0_A0 
*          0    0000fff2    00000002     
                  0000fff2    00000002     Timer.obj (.int09)

WDT        0    0000fff4    00000002     
                  0000fff4    00000002     rts430_eabi.lib : int10.asm.obj (.int10)

COMPARATORA 
*          0    0000fff6    00000002     
                  0000fff6    00000002     rts430_eabi.lib : int11.asm.obj (.int11)

TIMER1_A1 
*          0    0000fff8    00000002     
                  0000fff8    00000002     rts430_eabi.lib : int12.asm.obj (.int12)

TIMER1_A0 
*          0    0000fffa    00000002     
                  0000fffa    00000002     rts430_eabi.lib : int13.asm.obj (.int13)

NMI        0    0000fffc    00000002     
                  0000fffc    00000002     rts430_eabi.lib : int14.asm.obj (.int14)

.reset     0    0000fffe    00000002     
                  0000fffe    00000002     rts430_eabi.lib : boot.c.obj (.reset)

$fill000   0    0000ffde    00000002     
                  0000ffde    00000002     --HOLE-- [fill = ffff]

MODULE SUMMARY

       Module                       code   ro data   rw data
       ------                       ----   -------   -------
    .\
       main.obj                     56     0         13     
    +--+----------------------------+------+---------+---------+
       Total:                       56     0         13     
                                                            
    .\ADC\_source\
       ADC.obj                      38     2         4      
    +--+----------------------------+------+---------+---------+
       Total:                       38     2         4      
                                                            
    .\Comunication_UART\_source\
       UART.obj                     120    4         2      
    +--+----------------------------+------+---------+---------+
       Total:                       120    4         2      
                                                            
    .\GPIO\_source\
       GPIO.obj                     28     0         0      
    +--+----------------------------+------+---------+---------+
       Total:                       28     0         0      
                                                            
    .\Timer_A\_source\
       Timer.obj                    6      2         2      
    +--+----------------------------+------+---------+---------+
       Total:                       6      2         2      
                                                            
    C:\ti\ccs1000\ccs\tools\compiler\ti-cgt-msp430_20.2.0.LTS\lib\rts430_eabi.lib
       copy_decompress_lzss.c.obj   124    0         0      
       lsr16.asm.obj                76     0         0      
       autoinit.c.obj               66     0         0      
       lsl16.asm.obj                44     0         0      
       fs_utof.asm.obj              36     0         0      
       boot.c.obj                   28     2         0      
       copy_zero_init.c.obj         20     0         0      
       copy_decompress_none.c.obj   18     0         0      
       memcpy.c.obj                 18     0         0      
       epilog.asm.obj               16     0         0      
       isr_trap.asm.obj             8      0         0      
       exit.c.obj                   6      0         0      
       pre_init.c.obj               4      0         0      
       int00.asm.obj                0      2         0      
       int02.asm.obj                0      2         0      
       int03.asm.obj                0      2         0      
       int08.asm.obj                0      2         0      
       int10.asm.obj                0      2         0      
       int11.asm.obj                0      2         0      
       int12.asm.obj                0      2         0      
       int13.asm.obj                0      2         0      
       int14.asm.obj                0      2         0      
       startup.c.obj                2      0         0      
    +--+----------------------------+------+---------+---------+
       Total:                       466    20        0      
                                                            
       Stack:                       0      0         80     
       Linker Generated:            0      29        0      
    +--+----------------------------+------+---------+---------+
       Grand Total:                 714    57        101    


LINKER GENERATED COPY TABLES

__TI_cinit_table @ 0000fae0 records: 2, size/record: 4, table size: 8
	.data: load addr=0000faca, load size=0000000b bytes, run addr=0000020c, run size=0000000a bytes, compression=lzss
	.bss: load addr=0000fadc, load size=00000004 bytes, run addr=00000200, run size=0000000b bytes, compression=zero_init


LINKER GENERATED HANDLER TABLE

__TI_handler_table @ 0000fad6 records: 3, size/record: 2, table size: 6
	index: 0, handler: __TI_zero_init
	index: 1, handler: __TI_decompress_lzss
	index: 2, handler: __TI_decompress_none


GLOBAL SYMBOLS: SORTED ALPHABETICALLY BY Name 

address   name                          
-------   ----                          
0000004a  ADC10AE0                      
000001b0  ADC10CTL0                     
000001b2  ADC10CTL1                     
00000048  ADC10DTC0                     
00000049  ADC10DTC1                     
000001b4  ADC10MEM                      
000001bc  ADC10SA                       
0000f9be  ADC_ISR                       
00000057  BCSCTL1                       
00000058  BCSCTL2                       
00000053  BCSCTL3                       
0000fabe  C$$EXIT                       
00000059  CACTL1                        
0000005a  CACTL2                        
000010fb  CALBC1_12MHZ                  
000010f9  CALBC1_16MHZ                  
000010ff  CALBC1_1MHZ                   
000010fd  CALBC1_8MHZ                   
000010fa  CALDCO_12MHZ                  
000010f8  CALDCO_16MHZ                  
000010fe  CALDCO_1MHZ                   
000010fc  CALDCO_8MHZ                   
0000005b  CAPD                          
00000056  DCOCTL                        
0000fa08  Define_PIN                    
00000128  FCTL1                         
0000012a  FCTL2                         
0000012c  FCTL3                         
00000000  IE1                           
00000001  IE2                           
00000002  IFG1                          
00000003  IFG2                          
00000022  P1DIR                         
00000025  P1IE                          
00000024  P1IES                         
00000023  P1IFG                         
00000020  P1IN                          
00000021  P1OUT                         
00000027  P1REN                         
00000026  P1SEL                         
00000041  P1SEL2                        
0000002a  P2DIR                         
0000002d  P2IE                          
0000002c  P2IES                         
0000002b  P2IFG                         
00000028  P2IN                          
00000029  P2OUT                         
0000002f  P2REN                         
0000002e  P2SEL                         
00000042  P2SEL2                        
0000001a  P3DIR                         
00000018  P3IN                          
00000019  P3OUT                         
00000010  P3REN                         
0000001b  P3SEL                         
00000043  P3SEL2                        
00000172  TA0CCR0                       
00000174  TA0CCR1                       
00000176  TA0CCR2                       
00000162  TA0CCTL0                      
00000164  TA0CCTL1                      
00000166  TA0CCTL2                      
00000160  TA0CTL                        
0000012e  TA0IV                         
00000170  TA0R                          
00000192  TA1CCR0                       
00000194  TA1CCR1                       
00000196  TA1CCR2                       
00000182  TA1CCTL0                      
00000184  TA1CCTL1                      
00000186  TA1CCTL2                      
00000180  TA1CTL                        
0000011e  TA1IV                         
00000190  TA1R                          
000010db  TLV_ADC10_1_LEN               
000010da  TLV_ADC10_1_TAG               
000010c0  TLV_CHECKSUM                  
000010f7  TLV_DCO_30_LEN                
000010f6  TLV_DCO_30_TAG                
0000020c  Text                          
0000fab8  Timer_A0                      
0000f96e  UART0_RX                      
0000faa4  UART0_TX                      
0000005d  UCA0ABCTL                     
00000062  UCA0BR0                       
00000063  UCA0BR1                       
00000060  UCA0CTL0                      
00000061  UCA0CTL1                      
0000005f  UCA0IRRCTL                    
0000005e  UCA0IRTCTL                    
00000064  UCA0MCTL                      
00000066  UCA0RXBUF                     
00000065  UCA0STAT                      
00000067  UCA0TXBUF                     
0000006a  UCB0BR0                       
0000006b  UCB0BR1                       
00000068  UCB0CTL0                      
00000069  UCB0CTL1                      
0000006c  UCB0I2CIE                     
00000118  UCB0I2COA                     
0000011a  UCB0I2CSA                     
0000006e  UCB0RXBUF                     
0000006d  UCB0STAT                      
0000006f  UCB0TXBUF                     
00000120  WDTCTL                        
00000300  __STACK_END                   
00000050  __STACK_SIZE                  
0000fae0  __TI_CINIT_Base               
0000fae8  __TI_CINIT_Limit              
0000fad6  __TI_Handler_Table_Base       
0000fadc  __TI_Handler_Table_Limit      
0000fab0  __TI_ISR_TRAP                 
0000f8c8  __TI_auto_init_nobinit_nopinit
0000f800  __TI_decompress_lzss          
0000fa70  __TI_decompress_none          
0000ffe0  __TI_int00                    
0000ffe4  __TI_int02                    
0000ffe6  __TI_int03                    
0000ffea  __TI_int05                    
0000ffec  __TI_int06                    
0000ffee  __TI_int07                    
0000fff0  __TI_int08                    
0000fff2  __TI_int09                    
0000fff4  __TI_int10                    
0000fff6  __TI_int11                    
0000fff8  __TI_int12                    
0000fffa  __TI_int13                    
0000fffc  __TI_int14                    
ffffffff  __TI_pprof_out_hndl           
ffffffff  __TI_prof_data_size           
ffffffff  __TI_prof_data_start          
0000fa5c  __TI_zero_init_nomemset       
ffffffff  __c_args__                    
0000f9e4  __mspabi_fltuf                
0000faa0  __mspabi_func_epilog_1        
0000fa9e  __mspabi_func_epilog_2        
0000fa9c  __mspabi_func_epilog_3        
0000fa9a  __mspabi_func_epilog_4        
0000fa98  __mspabi_func_epilog_5        
0000fa96  __mspabi_func_epilog_6        
0000fa94  __mspabi_func_epilog_7        
0000f942  __mspabi_slli                 
0000f96a  __mspabi_slli_1               
0000f958  __mspabi_slli_10              
0000f956  __mspabi_slli_11              
0000f954  __mspabi_slli_12              
0000f952  __mspabi_slli_13              
0000f950  __mspabi_slli_14              
0000f94e  __mspabi_slli_15              
0000f968  __mspabi_slli_2               
0000f966  __mspabi_slli_3               
0000f964  __mspabi_slli_4               
0000f962  __mspabi_slli_5               
0000f960  __mspabi_slli_6               
0000f95e  __mspabi_slli_7               
0000f95c  __mspabi_slli_8               
0000f95a  __mspabi_slli_9               
0000f87c  __mspabi_srli                 
0000f8c2  __mspabi_srli_1               
0000f89e  __mspabi_srli_10              
0000f89a  __mspabi_srli_11              
0000f896  __mspabi_srli_12              
0000f892  __mspabi_srli_13              
0000f88e  __mspabi_srli_14              
0000f88a  __mspabi_srli_15              
0000f8be  __mspabi_srli_2               
0000f8ba  __mspabi_srli_3               
0000f8b6  __mspabi_srli_4               
0000f8b2  __mspabi_srli_5               
0000f8ae  __mspabi_srli_6               
0000f8aa  __mspabi_srli_7               
0000f8a6  __mspabi_srli_8               
0000f8a2  __mspabi_srli_9               
0000fa24  _c_int00_noargs               
0000fffe  _reset_vector                 
000002b0  _stack                        
0000fac8  _system_post_cinit            
0000fac4  _system_pre_init              
0000fabe  abort                         
00000200  data_out_uart                 
0000f90a  main                          
0000fa82  memcpy                        
0000fa40  send_message                  
0000f996  uart_setting                  
00000212  valor                         


GLOBAL SYMBOLS: SORTED BY Symbol Address 

address   name                          
-------   ----                          
00000000  IE1                           
00000001  IE2                           
00000002  IFG1                          
00000003  IFG2                          
00000010  P3REN                         
00000018  P3IN                          
00000019  P3OUT                         
0000001a  P3DIR                         
0000001b  P3SEL                         
00000020  P1IN                          
00000021  P1OUT                         
00000022  P1DIR                         
00000023  P1IFG                         
00000024  P1IES                         
00000025  P1IE                          
00000026  P1SEL                         
00000027  P1REN                         
00000028  P2IN                          
00000029  P2OUT                         
0000002a  P2DIR                         
0000002b  P2IFG                         
0000002c  P2IES                         
0000002d  P2IE                          
0000002e  P2SEL                         
0000002f  P2REN                         
00000041  P1SEL2                        
00000042  P2SEL2                        
00000043  P3SEL2                        
00000048  ADC10DTC0                     
00000049  ADC10DTC1                     
0000004a  ADC10AE0                      
00000050  __STACK_SIZE                  
00000053  BCSCTL3                       
00000056  DCOCTL                        
00000057  BCSCTL1                       
00000058  BCSCTL2                       
00000059  CACTL1                        
0000005a  CACTL2                        
0000005b  CAPD                          
0000005d  UCA0ABCTL                     
0000005e  UCA0IRTCTL                    
0000005f  UCA0IRRCTL                    
00000060  UCA0CTL0                      
00000061  UCA0CTL1                      
00000062  UCA0BR0                       
00000063  UCA0BR1                       
00000064  UCA0MCTL                      
00000065  UCA0STAT                      
00000066  UCA0RXBUF                     
00000067  UCA0TXBUF                     
00000068  UCB0CTL0                      
00000069  UCB0CTL1                      
0000006a  UCB0BR0                       
0000006b  UCB0BR1                       
0000006c  UCB0I2CIE                     
0000006d  UCB0STAT                      
0000006e  UCB0RXBUF                     
0000006f  UCB0TXBUF                     
00000118  UCB0I2COA                     
0000011a  UCB0I2CSA                     
0000011e  TA1IV                         
00000120  WDTCTL                        
00000128  FCTL1                         
0000012a  FCTL2                         
0000012c  FCTL3                         
0000012e  TA0IV                         
00000160  TA0CTL                        
00000162  TA0CCTL0                      
00000164  TA0CCTL1                      
00000166  TA0CCTL2                      
00000170  TA0R                          
00000172  TA0CCR0                       
00000174  TA0CCR1                       
00000176  TA0CCR2                       
00000180  TA1CTL                        
00000182  TA1CCTL0                      
00000184  TA1CCTL1                      
00000186  TA1CCTL2                      
00000190  TA1R                          
00000192  TA1CCR0                       
00000194  TA1CCR1                       
00000196  TA1CCR2                       
000001b0  ADC10CTL0                     
000001b2  ADC10CTL1                     
000001b4  ADC10MEM                      
000001bc  ADC10SA                       
00000200  data_out_uart                 
0000020c  Text                          
00000212  valor                         
000002b0  _stack                        
00000300  __STACK_END                   
000010c0  TLV_CHECKSUM                  
000010da  TLV_ADC10_1_TAG               
000010db  TLV_ADC10_1_LEN               
000010f6  TLV_DCO_30_TAG                
000010f7  TLV_DCO_30_LEN                
000010f8  CALDCO_16MHZ                  
000010f9  CALBC1_16MHZ                  
000010fa  CALDCO_12MHZ                  
000010fb  CALBC1_12MHZ                  
000010fc  CALDCO_8MHZ                   
000010fd  CALBC1_8MHZ                   
000010fe  CALDCO_1MHZ                   
000010ff  CALBC1_1MHZ                   
0000f800  __TI_decompress_lzss          
0000f87c  __mspabi_srli                 
0000f88a  __mspabi_srli_15              
0000f88e  __mspabi_srli_14              
0000f892  __mspabi_srli_13              
0000f896  __mspabi_srli_12              
0000f89a  __mspabi_srli_11              
0000f89e  __mspabi_srli_10              
0000f8a2  __mspabi_srli_9               
0000f8a6  __mspabi_srli_8               
0000f8aa  __mspabi_srli_7               
0000f8ae  __mspabi_srli_6               
0000f8b2  __mspabi_srli_5               
0000f8b6  __mspabi_srli_4               
0000f8ba  __mspabi_srli_3               
0000f8be  __mspabi_srli_2               
0000f8c2  __mspabi_srli_1               
0000f8c8  __TI_auto_init_nobinit_nopinit
0000f90a  main                          
0000f942  __mspabi_slli                 
0000f94e  __mspabi_slli_15              
0000f950  __mspabi_slli_14              
0000f952  __mspabi_slli_13              
0000f954  __mspabi_slli_12              
0000f956  __mspabi_slli_11              
0000f958  __mspabi_slli_10              
0000f95a  __mspabi_slli_9               
0000f95c  __mspabi_slli_8               
0000f95e  __mspabi_slli_7               
0000f960  __mspabi_slli_6               
0000f962  __mspabi_slli_5               
0000f964  __mspabi_slli_4               
0000f966  __mspabi_slli_3               
0000f968  __mspabi_slli_2               
0000f96a  __mspabi_slli_1               
0000f96e  UART0_RX                      
0000f996  uart_setting                  
0000f9be  ADC_ISR                       
0000f9e4  __mspabi_fltuf                
0000fa08  Define_PIN                    
0000fa24  _c_int00_noargs               
0000fa40  send_message                  
0000fa5c  __TI_zero_init_nomemset       
0000fa70  __TI_decompress_none          
0000fa82  memcpy                        
0000fa94  __mspabi_func_epilog_7        
0000fa96  __mspabi_func_epilog_6        
0000fa98  __mspabi_func_epilog_5        
0000fa9a  __mspabi_func_epilog_4        
0000fa9c  __mspabi_func_epilog_3        
0000fa9e  __mspabi_func_epilog_2        
0000faa0  __mspabi_func_epilog_1        
0000faa4  UART0_TX                      
0000fab0  __TI_ISR_TRAP                 
0000fab8  Timer_A0                      
0000fabe  C$$EXIT                       
0000fabe  abort                         
0000fac4  _system_pre_init              
0000fac8  _system_post_cinit            
0000fad6  __TI_Handler_Table_Base       
0000fadc  __TI_Handler_Table_Limit      
0000fae0  __TI_CINIT_Base               
0000fae8  __TI_CINIT_Limit              
0000ffe0  __TI_int00                    
0000ffe4  __TI_int02                    
0000ffe6  __TI_int03                    
0000ffea  __TI_int05                    
0000ffec  __TI_int06                    
0000ffee  __TI_int07                    
0000fff0  __TI_int08                    
0000fff2  __TI_int09                    
0000fff4  __TI_int10                    
0000fff6  __TI_int11                    
0000fff8  __TI_int12                    
0000fffa  __TI_int13                    
0000fffc  __TI_int14                    
0000fffe  _reset_vector                 
ffffffff  __TI_pprof_out_hndl           
ffffffff  __TI_prof_data_size           
ffffffff  __TI_prof_data_start          
ffffffff  __c_args__                    

[185 symbols]
